// Jest Snapshot v1, https://goo.gl/fbAQLP

exports[`AddingMachineHooks tests renders correctly 1`] = `
<div>
  <div>
    <form
      class="container"
    >
      <input
        id="first"
        name="firstName"
        placeholder="First Name"
        required=""
        type="text"
      />
      <input
        id="last"
        name="lastName"
        placeholder="Last Name"
        required=""
        type="text"
      />
      <input
        id="password"
        name="password"
        placeholder="Password"
        required=""
        type="password"
      />
      <input
        id="email"
        name="email"
        placeholder="Email"
        required=""
        type="email"
      />
      <div>
        <label
          for="Gender"
        >
          Gender
        </label>
        <select
          id="Gender"
          name="Gender"
        >
          <option
            value="Male"
          >
            Male
          </option>
          <option
            value="Female"
          >
            Female
          </option>
        </select>
      </div>
      <div>
        <label
          for="position"
        >
          Position
        </label>
        <select
          id="position"
          name="position"
        >
          <option
            value="Student"
          >
            Student
          </option>
          <option
            value="designer"
          >
            designer
          </option>
          <option
            value="programmer"
          >
            programmer
          </option>
          <option
            value="others"
          >
            others
          </option>
        </select>
      </div>
      <div
        class="agePart"
      >
        <p>
           select your age range
        </p>
        <div>
          <input
            id="adolescent"
            name="ageRange"
            type="radio"
          />
          <label
            for="adolescent"
          >
            less than 19
          </label>
        </div>
        <div>
          <input
            id="youngAdult"
            name="ageRange"
            type="radio"
          />
          <label
            for="youngAdult"
          >
            19-30
          </label>
        </div>
        <div>
          <input
            id="middleAge"
            name="ageRange"
            type="radio"
          />
          <label
            for="middleAge"
          >
            31-60
          </label>
        </div>
        <div>
          <input
            id="oldAdult"
            name="ageRange"
            type="radio"
          />
          <label
            for="oldAdult"
          >
            more than 60
          </label>
        </div>
      </div>
      <div>
        <input
          class="button"
          type="submit"
          value="confirm"
        />
      </div>
    </form>
  </div>
</div>
`;
